
There are no discarded input sections

Memory Configuration

Name             Origin             Length             Attributes
IROM             0x00000000         0x00004000         xr
BRAM             0x80100000         0x00040000         rw
*default*        0x00000000         0xffffffff

Linker script and memory map

LOAD /tmp/ccYLZW21.o

.text           0x00000000       0xc4
 *(.text.init)
 .text.init     0x00000000       0xc4 /tmp/ccYLZW21.o
                0x00000000                _start
                0x00000048                STAL_BEGIN
                0x00000068                RESCHED_BEGIN
                0x00000068                STAL_END
                0x00000098                RESCHED_END
 *(.text)
 .text          0x000000c4        0x0 /tmp/ccYLZW21.o
 *(.text.*)

.rodata
 *(.rodata)
 *(.rodata.*)

.data           0x80100000        0x0
                0x80100000                        _data_start = .
 *(.data)
 .data          0x80100000        0x0 /tmp/ccYLZW21.o
 *(.data.*)
                0x80100000                        _data_end = .

.bss            0x80100000        0x0
                0x80100000                        _bss_start = .
 *(.bss)
 .bss           0x80100000        0x0 /tmp/ccYLZW21.o
 *(.bss.*)
                0x80100000                        _bss_end = .
                0x80140000                        _stack_top = (ORIGIN (BRAM) + LENGTH (BRAM))
                0x8013ff00                        _result_addr = ((ORIGIN (BRAM) + LENGTH (BRAM)) - 0x100)
OUTPUT(build/t08_load_use.elf elf32-littleriscv)

.riscv.attributes
                0x00000000       0x28
 .riscv.attributes
                0x00000000       0x28 /tmp/ccYLZW21.o

.debug_line     0x00000000      0x15e
 .debug_line    0x00000000      0x15e /tmp/ccYLZW21.o

.debug_line_str
                0x00000000       0x3d
 .debug_line_str
                0x00000000       0x3d /tmp/ccYLZW21.o

.debug_info     0x00000000       0x25
 .debug_info    0x00000000       0x25 /tmp/ccYLZW21.o

.debug_abbrev   0x00000000       0x14
 .debug_abbrev  0x00000000       0x14 /tmp/ccYLZW21.o

.debug_aranges  0x00000000       0x20
 .debug_aranges
                0x00000000       0x20 /tmp/ccYLZW21.o

.debug_str      0x00000000       0x49
 .debug_str     0x00000000       0x49 /tmp/ccYLZW21.o
